// Jest Snapshot v1, https://goo.gl/fbAQLP

exports[`Vending Machine Products componet 1`] = `
<div
  className="products"
>
  <div
    className="products__row"
  >
    <div
      className="item"
      onClick={[Function]}
    >
      <div
        className="item__key"
      >
        0
         - 
        Cheese
      </div>
      <div
        className="item__icon"
      >
        <svg
          aria-hidden="true"
          className="svg-inline--fa fa-mug-hot fa-w-16 fa-2x "
          color="orange"
          data-icon="mug-hot"
          data-prefix="fas"
          focusable="false"
          role="img"
          style={Object {}}
          viewBox="0 0 512 512"
          xmlns="http://www.w3.org/2000/svg"
        >
          <path
            d="M127.1 146.5c1.3 7.7 8 13.5 16 13.5h16.5c9.8 0 17.6-8.5 16.3-18-3.8-28.2-16.4-54.2-36.6-74.7-14.4-14.7-23.6-33.3-26.4-53.5C111.8 5.9 105 0 96.8 0H80.4C70.6 0 63 8.5 64.1 18c3.9 31.9 18 61.3 40.6 84.4 12 12.2 19.7 27.5 22.4 44.1zm112 0c1.3 7.7 8 13.5 16 13.5h16.5c9.8 0 17.6-8.5 16.3-18-3.8-28.2-16.4-54.2-36.6-74.7-14.4-14.7-23.6-33.3-26.4-53.5C223.8 5.9 217 0 208.8 0h-16.4c-9.8 0-17.5 8.5-16.3 18 3.9 31.9 18 61.3 40.6 84.4 12 12.2 19.7 27.5 22.4 44.1zM400 192H32c-17.7 0-32 14.3-32 32v192c0 53 43 96 96 96h192c53 0 96-43 96-96h16c61.8 0 112-50.2 112-112s-50.2-112-112-112zm0 160h-16v-96h16c26.5 0 48 21.5 48 48s-21.5 48-48 48z"
            fill="currentColor"
            style={Object {}}
          />
        </svg>
      </div>
      <div
        className="item__tags"
      >
        <div
          className="item__info"
        >
          <div
            className="item__label"
          >
            Price
          </div>
          <div
            className="item__value"
          >
            15
          </div>
        </div>
        <div
          className="item__info"
        >
          <div
            className="item__label"
          >
            Available
          </div>
          <div
            className="item__value"
          >
            7
          </div>
        </div>
      </div>
    </div>
    <div
      className="item"
      onClick={[Function]}
    >
      <div
        className="item__key"
      >
        1
         - 
        Cheese
      </div>
      <div
        className="item__icon"
      >
        <svg
          aria-hidden="true"
          className="svg-inline--fa fa-mug-hot fa-w-16 fa-2x "
          color="orange"
          data-icon="mug-hot"
          data-prefix="fas"
          focusable="false"
          role="img"
          style={Object {}}
          viewBox="0 0 512 512"
          xmlns="http://www.w3.org/2000/svg"
        >
          <path
            d="M127.1 146.5c1.3 7.7 8 13.5 16 13.5h16.5c9.8 0 17.6-8.5 16.3-18-3.8-28.2-16.4-54.2-36.6-74.7-14.4-14.7-23.6-33.3-26.4-53.5C111.8 5.9 105 0 96.8 0H80.4C70.6 0 63 8.5 64.1 18c3.9 31.9 18 61.3 40.6 84.4 12 12.2 19.7 27.5 22.4 44.1zm112 0c1.3 7.7 8 13.5 16 13.5h16.5c9.8 0 17.6-8.5 16.3-18-3.8-28.2-16.4-54.2-36.6-74.7-14.4-14.7-23.6-33.3-26.4-53.5C223.8 5.9 217 0 208.8 0h-16.4c-9.8 0-17.5 8.5-16.3 18 3.9 31.9 18 61.3 40.6 84.4 12 12.2 19.7 27.5 22.4 44.1zM400 192H32c-17.7 0-32 14.3-32 32v192c0 53 43 96 96 96h192c53 0 96-43 96-96h16c61.8 0 112-50.2 112-112s-50.2-112-112-112zm0 160h-16v-96h16c26.5 0 48 21.5 48 48s-21.5 48-48 48z"
            fill="currentColor"
            style={Object {}}
          />
        </svg>
      </div>
      <div
        className="item__tags"
      >
        <div
          className="item__info"
        >
          <div
            className="item__label"
          >
            Price
          </div>
          <div
            className="item__value"
          >
            15
          </div>
        </div>
        <div
          className="item__info"
        >
          <div
            className="item__label"
          >
            Available
          </div>
          <div
            className="item__value"
          >
            7
          </div>
        </div>
      </div>
    </div>
    <div
      className="item"
      onClick={[Function]}
    >
      <div
        className="item__key"
      >
        2
         - 
        Cheese
      </div>
      <div
        className="item__icon"
      >
        <svg
          aria-hidden="true"
          className="svg-inline--fa fa-mug-hot fa-w-16 fa-2x "
          color="orange"
          data-icon="mug-hot"
          data-prefix="fas"
          focusable="false"
          role="img"
          style={Object {}}
          viewBox="0 0 512 512"
          xmlns="http://www.w3.org/2000/svg"
        >
          <path
            d="M127.1 146.5c1.3 7.7 8 13.5 16 13.5h16.5c9.8 0 17.6-8.5 16.3-18-3.8-28.2-16.4-54.2-36.6-74.7-14.4-14.7-23.6-33.3-26.4-53.5C111.8 5.9 105 0 96.8 0H80.4C70.6 0 63 8.5 64.1 18c3.9 31.9 18 61.3 40.6 84.4 12 12.2 19.7 27.5 22.4 44.1zm112 0c1.3 7.7 8 13.5 16 13.5h16.5c9.8 0 17.6-8.5 16.3-18-3.8-28.2-16.4-54.2-36.6-74.7-14.4-14.7-23.6-33.3-26.4-53.5C223.8 5.9 217 0 208.8 0h-16.4c-9.8 0-17.5 8.5-16.3 18 3.9 31.9 18 61.3 40.6 84.4 12 12.2 19.7 27.5 22.4 44.1zM400 192H32c-17.7 0-32 14.3-32 32v192c0 53 43 96 96 96h192c53 0 96-43 96-96h16c61.8 0 112-50.2 112-112s-50.2-112-112-112zm0 160h-16v-96h16c26.5 0 48 21.5 48 48s-21.5 48-48 48z"
            fill="currentColor"
            style={Object {}}
          />
        </svg>
      </div>
      <div
        className="item__tags"
      >
        <div
          className="item__info"
        >
          <div
            className="item__label"
          >
            Price
          </div>
          <div
            className="item__value"
          >
            15
          </div>
        </div>
        <div
          className="item__info"
        >
          <div
            className="item__label"
          >
            Available
          </div>
          <div
            className="item__value"
          >
            7
          </div>
        </div>
      </div>
    </div>
    <div
      className="item"
      onClick={[Function]}
    >
      <div
        className="item__key"
      >
        3
         - 
        Cheese
      </div>
      <div
        className="item__icon"
      >
        <svg
          aria-hidden="true"
          className="svg-inline--fa fa-mug-hot fa-w-16 fa-2x "
          color="orange"
          data-icon="mug-hot"
          data-prefix="fas"
          focusable="false"
          role="img"
          style={Object {}}
          viewBox="0 0 512 512"
          xmlns="http://www.w3.org/2000/svg"
        >
          <path
            d="M127.1 146.5c1.3 7.7 8 13.5 16 13.5h16.5c9.8 0 17.6-8.5 16.3-18-3.8-28.2-16.4-54.2-36.6-74.7-14.4-14.7-23.6-33.3-26.4-53.5C111.8 5.9 105 0 96.8 0H80.4C70.6 0 63 8.5 64.1 18c3.9 31.9 18 61.3 40.6 84.4 12 12.2 19.7 27.5 22.4 44.1zm112 0c1.3 7.7 8 13.5 16 13.5h16.5c9.8 0 17.6-8.5 16.3-18-3.8-28.2-16.4-54.2-36.6-74.7-14.4-14.7-23.6-33.3-26.4-53.5C223.8 5.9 217 0 208.8 0h-16.4c-9.8 0-17.5 8.5-16.3 18 3.9 31.9 18 61.3 40.6 84.4 12 12.2 19.7 27.5 22.4 44.1zM400 192H32c-17.7 0-32 14.3-32 32v192c0 53 43 96 96 96h192c53 0 96-43 96-96h16c61.8 0 112-50.2 112-112s-50.2-112-112-112zm0 160h-16v-96h16c26.5 0 48 21.5 48 48s-21.5 48-48 48z"
            fill="currentColor"
            style={Object {}}
          />
        </svg>
      </div>
      <div
        className="item__tags"
      >
        <div
          className="item__info"
        >
          <div
            className="item__label"
          >
            Price
          </div>
          <div
            className="item__value"
          >
            15
          </div>
        </div>
        <div
          className="item__info"
        >
          <div
            className="item__label"
          >
            Available
          </div>
          <div
            className="item__value"
          >
            7
          </div>
        </div>
      </div>
    </div>
    <div
      className="item"
      onClick={[Function]}
    >
      <div
        className="item__key"
      >
        4
         - 
        Cheese
      </div>
      <div
        className="item__icon"
      >
        <svg
          aria-hidden="true"
          className="svg-inline--fa fa-mug-hot fa-w-16 fa-2x "
          color="orange"
          data-icon="mug-hot"
          data-prefix="fas"
          focusable="false"
          role="img"
          style={Object {}}
          viewBox="0 0 512 512"
          xmlns="http://www.w3.org/2000/svg"
        >
          <path
            d="M127.1 146.5c1.3 7.7 8 13.5 16 13.5h16.5c9.8 0 17.6-8.5 16.3-18-3.8-28.2-16.4-54.2-36.6-74.7-14.4-14.7-23.6-33.3-26.4-53.5C111.8 5.9 105 0 96.8 0H80.4C70.6 0 63 8.5 64.1 18c3.9 31.9 18 61.3 40.6 84.4 12 12.2 19.7 27.5 22.4 44.1zm112 0c1.3 7.7 8 13.5 16 13.5h16.5c9.8 0 17.6-8.5 16.3-18-3.8-28.2-16.4-54.2-36.6-74.7-14.4-14.7-23.6-33.3-26.4-53.5C223.8 5.9 217 0 208.8 0h-16.4c-9.8 0-17.5 8.5-16.3 18 3.9 31.9 18 61.3 40.6 84.4 12 12.2 19.7 27.5 22.4 44.1zM400 192H32c-17.7 0-32 14.3-32 32v192c0 53 43 96 96 96h192c53 0 96-43 96-96h16c61.8 0 112-50.2 112-112s-50.2-112-112-112zm0 160h-16v-96h16c26.5 0 48 21.5 48 48s-21.5 48-48 48z"
            fill="currentColor"
            style={Object {}}
          />
        </svg>
      </div>
      <div
        className="item__tags"
      >
        <div
          className="item__info"
        >
          <div
            className="item__label"
          >
            Price
          </div>
          <div
            className="item__value"
          >
            15
          </div>
        </div>
        <div
          className="item__info"
        >
          <div
            className="item__label"
          >
            Available
          </div>
          <div
            className="item__value"
          >
            7
          </div>
        </div>
      </div>
    </div>
  </div>
  <div
    className="products__row"
  >
    <div
      className="item"
      onClick={[Function]}
    >
      <div
        className="item__key"
      >
        5
         - 
        Cheese
      </div>
      <div
        className="item__icon"
      >
        <svg
          aria-hidden="true"
          className="svg-inline--fa fa-mug-hot fa-w-16 fa-2x "
          color="orange"
          data-icon="mug-hot"
          data-prefix="fas"
          focusable="false"
          role="img"
          style={Object {}}
          viewBox="0 0 512 512"
          xmlns="http://www.w3.org/2000/svg"
        >
          <path
            d="M127.1 146.5c1.3 7.7 8 13.5 16 13.5h16.5c9.8 0 17.6-8.5 16.3-18-3.8-28.2-16.4-54.2-36.6-74.7-14.4-14.7-23.6-33.3-26.4-53.5C111.8 5.9 105 0 96.8 0H80.4C70.6 0 63 8.5 64.1 18c3.9 31.9 18 61.3 40.6 84.4 12 12.2 19.7 27.5 22.4 44.1zm112 0c1.3 7.7 8 13.5 16 13.5h16.5c9.8 0 17.6-8.5 16.3-18-3.8-28.2-16.4-54.2-36.6-74.7-14.4-14.7-23.6-33.3-26.4-53.5C223.8 5.9 217 0 208.8 0h-16.4c-9.8 0-17.5 8.5-16.3 18 3.9 31.9 18 61.3 40.6 84.4 12 12.2 19.7 27.5 22.4 44.1zM400 192H32c-17.7 0-32 14.3-32 32v192c0 53 43 96 96 96h192c53 0 96-43 96-96h16c61.8 0 112-50.2 112-112s-50.2-112-112-112zm0 160h-16v-96h16c26.5 0 48 21.5 48 48s-21.5 48-48 48z"
            fill="currentColor"
            style={Object {}}
          />
        </svg>
      </div>
      <div
        className="item__tags"
      >
        <div
          className="item__info"
        >
          <div
            className="item__label"
          >
            Price
          </div>
          <div
            className="item__value"
          >
            15
          </div>
        </div>
        <div
          className="item__info"
        >
          <div
            className="item__label"
          >
            Available
          </div>
          <div
            className="item__value"
          >
            7
          </div>
        </div>
      </div>
    </div>
    <div
      className="item"
      onClick={[Function]}
    >
      <div
        className="item__key"
      >
        6
         - 
        Cheese
      </div>
      <div
        className="item__icon"
      >
        <svg
          aria-hidden="true"
          className="svg-inline--fa fa-mug-hot fa-w-16 fa-2x "
          color="orange"
          data-icon="mug-hot"
          data-prefix="fas"
          focusable="false"
          role="img"
          style={Object {}}
          viewBox="0 0 512 512"
          xmlns="http://www.w3.org/2000/svg"
        >
          <path
            d="M127.1 146.5c1.3 7.7 8 13.5 16 13.5h16.5c9.8 0 17.6-8.5 16.3-18-3.8-28.2-16.4-54.2-36.6-74.7-14.4-14.7-23.6-33.3-26.4-53.5C111.8 5.9 105 0 96.8 0H80.4C70.6 0 63 8.5 64.1 18c3.9 31.9 18 61.3 40.6 84.4 12 12.2 19.7 27.5 22.4 44.1zm112 0c1.3 7.7 8 13.5 16 13.5h16.5c9.8 0 17.6-8.5 16.3-18-3.8-28.2-16.4-54.2-36.6-74.7-14.4-14.7-23.6-33.3-26.4-53.5C223.8 5.9 217 0 208.8 0h-16.4c-9.8 0-17.5 8.5-16.3 18 3.9 31.9 18 61.3 40.6 84.4 12 12.2 19.7 27.5 22.4 44.1zM400 192H32c-17.7 0-32 14.3-32 32v192c0 53 43 96 96 96h192c53 0 96-43 96-96h16c61.8 0 112-50.2 112-112s-50.2-112-112-112zm0 160h-16v-96h16c26.5 0 48 21.5 48 48s-21.5 48-48 48z"
            fill="currentColor"
            style={Object {}}
          />
        </svg>
      </div>
      <div
        className="item__tags"
      >
        <div
          className="item__info"
        >
          <div
            className="item__label"
          >
            Price
          </div>
          <div
            className="item__value"
          >
            15
          </div>
        </div>
        <div
          className="item__info"
        >
          <div
            className="item__label"
          >
            Available
          </div>
          <div
            className="item__value"
          >
            7
          </div>
        </div>
      </div>
    </div>
    <div
      className="item"
      onClick={[Function]}
    >
      <div
        className="item__key"
      >
        7
         - 
        Cheese
      </div>
      <div
        className="item__icon"
      >
        <svg
          aria-hidden="true"
          className="svg-inline--fa fa-mug-hot fa-w-16 fa-2x "
          color="orange"
          data-icon="mug-hot"
          data-prefix="fas"
          focusable="false"
          role="img"
          style={Object {}}
          viewBox="0 0 512 512"
          xmlns="http://www.w3.org/2000/svg"
        >
          <path
            d="M127.1 146.5c1.3 7.7 8 13.5 16 13.5h16.5c9.8 0 17.6-8.5 16.3-18-3.8-28.2-16.4-54.2-36.6-74.7-14.4-14.7-23.6-33.3-26.4-53.5C111.8 5.9 105 0 96.8 0H80.4C70.6 0 63 8.5 64.1 18c3.9 31.9 18 61.3 40.6 84.4 12 12.2 19.7 27.5 22.4 44.1zm112 0c1.3 7.7 8 13.5 16 13.5h16.5c9.8 0 17.6-8.5 16.3-18-3.8-28.2-16.4-54.2-36.6-74.7-14.4-14.7-23.6-33.3-26.4-53.5C223.8 5.9 217 0 208.8 0h-16.4c-9.8 0-17.5 8.5-16.3 18 3.9 31.9 18 61.3 40.6 84.4 12 12.2 19.7 27.5 22.4 44.1zM400 192H32c-17.7 0-32 14.3-32 32v192c0 53 43 96 96 96h192c53 0 96-43 96-96h16c61.8 0 112-50.2 112-112s-50.2-112-112-112zm0 160h-16v-96h16c26.5 0 48 21.5 48 48s-21.5 48-48 48z"
            fill="currentColor"
            style={Object {}}
          />
        </svg>
      </div>
      <div
        className="item__tags"
      >
        <div
          className="item__info"
        >
          <div
            className="item__label"
          >
            Price
          </div>
          <div
            className="item__value"
          >
            15
          </div>
        </div>
        <div
          className="item__info"
        >
          <div
            className="item__label"
          >
            Available
          </div>
          <div
            className="item__value"
          >
            7
          </div>
        </div>
      </div>
    </div>
    <div
      className="item"
      onClick={[Function]}
    >
      <div
        className="item__key"
      >
        8
         - 
        Cheese
      </div>
      <div
        className="item__icon"
      >
        <svg
          aria-hidden="true"
          className="svg-inline--fa fa-mug-hot fa-w-16 fa-2x "
          color="orange"
          data-icon="mug-hot"
          data-prefix="fas"
          focusable="false"
          role="img"
          style={Object {}}
          viewBox="0 0 512 512"
          xmlns="http://www.w3.org/2000/svg"
        >
          <path
            d="M127.1 146.5c1.3 7.7 8 13.5 16 13.5h16.5c9.8 0 17.6-8.5 16.3-18-3.8-28.2-16.4-54.2-36.6-74.7-14.4-14.7-23.6-33.3-26.4-53.5C111.8 5.9 105 0 96.8 0H80.4C70.6 0 63 8.5 64.1 18c3.9 31.9 18 61.3 40.6 84.4 12 12.2 19.7 27.5 22.4 44.1zm112 0c1.3 7.7 8 13.5 16 13.5h16.5c9.8 0 17.6-8.5 16.3-18-3.8-28.2-16.4-54.2-36.6-74.7-14.4-14.7-23.6-33.3-26.4-53.5C223.8 5.9 217 0 208.8 0h-16.4c-9.8 0-17.5 8.5-16.3 18 3.9 31.9 18 61.3 40.6 84.4 12 12.2 19.7 27.5 22.4 44.1zM400 192H32c-17.7 0-32 14.3-32 32v192c0 53 43 96 96 96h192c53 0 96-43 96-96h16c61.8 0 112-50.2 112-112s-50.2-112-112-112zm0 160h-16v-96h16c26.5 0 48 21.5 48 48s-21.5 48-48 48z"
            fill="currentColor"
            style={Object {}}
          />
        </svg>
      </div>
      <div
        className="item__tags"
      >
        <div
          className="item__info"
        >
          <div
            className="item__label"
          >
            Price
          </div>
          <div
            className="item__value"
          >
            15
          </div>
        </div>
        <div
          className="item__info"
        >
          <div
            className="item__label"
          >
            Available
          </div>
          <div
            className="item__value"
          >
            7
          </div>
        </div>
      </div>
    </div>
    <div
      className="item"
      onClick={[Function]}
    >
      <div
        className="item__key"
      >
        9
         - 
        Cheese
      </div>
      <div
        className="item__icon"
      >
        <svg
          aria-hidden="true"
          className="svg-inline--fa fa-mug-hot fa-w-16 fa-2x "
          color="orange"
          data-icon="mug-hot"
          data-prefix="fas"
          focusable="false"
          role="img"
          style={Object {}}
          viewBox="0 0 512 512"
          xmlns="http://www.w3.org/2000/svg"
        >
          <path
            d="M127.1 146.5c1.3 7.7 8 13.5 16 13.5h16.5c9.8 0 17.6-8.5 16.3-18-3.8-28.2-16.4-54.2-36.6-74.7-14.4-14.7-23.6-33.3-26.4-53.5C111.8 5.9 105 0 96.8 0H80.4C70.6 0 63 8.5 64.1 18c3.9 31.9 18 61.3 40.6 84.4 12 12.2 19.7 27.5 22.4 44.1zm112 0c1.3 7.7 8 13.5 16 13.5h16.5c9.8 0 17.6-8.5 16.3-18-3.8-28.2-16.4-54.2-36.6-74.7-14.4-14.7-23.6-33.3-26.4-53.5C223.8 5.9 217 0 208.8 0h-16.4c-9.8 0-17.5 8.5-16.3 18 3.9 31.9 18 61.3 40.6 84.4 12 12.2 19.7 27.5 22.4 44.1zM400 192H32c-17.7 0-32 14.3-32 32v192c0 53 43 96 96 96h192c53 0 96-43 96-96h16c61.8 0 112-50.2 112-112s-50.2-112-112-112zm0 160h-16v-96h16c26.5 0 48 21.5 48 48s-21.5 48-48 48z"
            fill="currentColor"
            style={Object {}}
          />
        </svg>
      </div>
      <div
        className="item__tags"
      >
        <div
          className="item__info"
        >
          <div
            className="item__label"
          >
            Price
          </div>
          <div
            className="item__value"
          >
            15
          </div>
        </div>
        <div
          className="item__info"
        >
          <div
            className="item__label"
          >
            Available
          </div>
          <div
            className="item__value"
          >
            7
          </div>
        </div>
      </div>
    </div>
  </div>
  <div
    className="products__row"
  >
    <div
      className="item"
      onClick={[Function]}
    >
      <div
        className="item__key"
      >
        10
         - 
        Cheese
      </div>
      <div
        className="item__icon"
      >
        <svg
          aria-hidden="true"
          className="svg-inline--fa fa-mug-hot fa-w-16 fa-2x "
          color="orange"
          data-icon="mug-hot"
          data-prefix="fas"
          focusable="false"
          role="img"
          style={Object {}}
          viewBox="0 0 512 512"
          xmlns="http://www.w3.org/2000/svg"
        >
          <path
            d="M127.1 146.5c1.3 7.7 8 13.5 16 13.5h16.5c9.8 0 17.6-8.5 16.3-18-3.8-28.2-16.4-54.2-36.6-74.7-14.4-14.7-23.6-33.3-26.4-53.5C111.8 5.9 105 0 96.8 0H80.4C70.6 0 63 8.5 64.1 18c3.9 31.9 18 61.3 40.6 84.4 12 12.2 19.7 27.5 22.4 44.1zm112 0c1.3 7.7 8 13.5 16 13.5h16.5c9.8 0 17.6-8.5 16.3-18-3.8-28.2-16.4-54.2-36.6-74.7-14.4-14.7-23.6-33.3-26.4-53.5C223.8 5.9 217 0 208.8 0h-16.4c-9.8 0-17.5 8.5-16.3 18 3.9 31.9 18 61.3 40.6 84.4 12 12.2 19.7 27.5 22.4 44.1zM400 192H32c-17.7 0-32 14.3-32 32v192c0 53 43 96 96 96h192c53 0 96-43 96-96h16c61.8 0 112-50.2 112-112s-50.2-112-112-112zm0 160h-16v-96h16c26.5 0 48 21.5 48 48s-21.5 48-48 48z"
            fill="currentColor"
            style={Object {}}
          />
        </svg>
      </div>
      <div
        className="item__tags"
      >
        <div
          className="item__info"
        >
          <div
            className="item__label"
          >
            Price
          </div>
          <div
            className="item__value"
          >
            15
          </div>
        </div>
        <div
          className="item__info"
        >
          <div
            className="item__label"
          >
            Available
          </div>
          <div
            className="item__value"
          >
            7
          </div>
        </div>
      </div>
    </div>
    <div
      className="item"
      onClick={[Function]}
    >
      <div
        className="item__key"
      >
        11
         - 
        Cheese
      </div>
      <div
        className="item__icon"
      >
        <svg
          aria-hidden="true"
          className="svg-inline--fa fa-mug-hot fa-w-16 fa-2x "
          color="orange"
          data-icon="mug-hot"
          data-prefix="fas"
          focusable="false"
          role="img"
          style={Object {}}
          viewBox="0 0 512 512"
          xmlns="http://www.w3.org/2000/svg"
        >
          <path
            d="M127.1 146.5c1.3 7.7 8 13.5 16 13.5h16.5c9.8 0 17.6-8.5 16.3-18-3.8-28.2-16.4-54.2-36.6-74.7-14.4-14.7-23.6-33.3-26.4-53.5C111.8 5.9 105 0 96.8 0H80.4C70.6 0 63 8.5 64.1 18c3.9 31.9 18 61.3 40.6 84.4 12 12.2 19.7 27.5 22.4 44.1zm112 0c1.3 7.7 8 13.5 16 13.5h16.5c9.8 0 17.6-8.5 16.3-18-3.8-28.2-16.4-54.2-36.6-74.7-14.4-14.7-23.6-33.3-26.4-53.5C223.8 5.9 217 0 208.8 0h-16.4c-9.8 0-17.5 8.5-16.3 18 3.9 31.9 18 61.3 40.6 84.4 12 12.2 19.7 27.5 22.4 44.1zM400 192H32c-17.7 0-32 14.3-32 32v192c0 53 43 96 96 96h192c53 0 96-43 96-96h16c61.8 0 112-50.2 112-112s-50.2-112-112-112zm0 160h-16v-96h16c26.5 0 48 21.5 48 48s-21.5 48-48 48z"
            fill="currentColor"
            style={Object {}}
          />
        </svg>
      </div>
      <div
        className="item__tags"
      >
        <div
          className="item__info"
        >
          <div
            className="item__label"
          >
            Price
          </div>
          <div
            className="item__value"
          >
            15
          </div>
        </div>
        <div
          className="item__info"
        >
          <div
            className="item__label"
          >
            Available
          </div>
          <div
            className="item__value"
          >
            7
          </div>
        </div>
      </div>
    </div>
    <div
      className="item"
      onClick={[Function]}
    >
      <div
        className="item__key"
      >
        12
         - 
        Cheese
      </div>
      <div
        className="item__icon"
      >
        <svg
          aria-hidden="true"
          className="svg-inline--fa fa-mug-hot fa-w-16 fa-2x "
          color="orange"
          data-icon="mug-hot"
          data-prefix="fas"
          focusable="false"
          role="img"
          style={Object {}}
          viewBox="0 0 512 512"
          xmlns="http://www.w3.org/2000/svg"
        >
          <path
            d="M127.1 146.5c1.3 7.7 8 13.5 16 13.5h16.5c9.8 0 17.6-8.5 16.3-18-3.8-28.2-16.4-54.2-36.6-74.7-14.4-14.7-23.6-33.3-26.4-53.5C111.8 5.9 105 0 96.8 0H80.4C70.6 0 63 8.5 64.1 18c3.9 31.9 18 61.3 40.6 84.4 12 12.2 19.7 27.5 22.4 44.1zm112 0c1.3 7.7 8 13.5 16 13.5h16.5c9.8 0 17.6-8.5 16.3-18-3.8-28.2-16.4-54.2-36.6-74.7-14.4-14.7-23.6-33.3-26.4-53.5C223.8 5.9 217 0 208.8 0h-16.4c-9.8 0-17.5 8.5-16.3 18 3.9 31.9 18 61.3 40.6 84.4 12 12.2 19.7 27.5 22.4 44.1zM400 192H32c-17.7 0-32 14.3-32 32v192c0 53 43 96 96 96h192c53 0 96-43 96-96h16c61.8 0 112-50.2 112-112s-50.2-112-112-112zm0 160h-16v-96h16c26.5 0 48 21.5 48 48s-21.5 48-48 48z"
            fill="currentColor"
            style={Object {}}
          />
        </svg>
      </div>
      <div
        className="item__tags"
      >
        <div
          className="item__info"
        >
          <div
            className="item__label"
          >
            Price
          </div>
          <div
            className="item__value"
          >
            15
          </div>
        </div>
        <div
          className="item__info"
        >
          <div
            className="item__label"
          >
            Available
          </div>
          <div
            className="item__value"
          >
            7
          </div>
        </div>
      </div>
    </div>
    <div
      className="item"
      onClick={[Function]}
    >
      <div
        className="item__key"
      >
        13
         - 
        Cheese
      </div>
      <div
        className="item__icon"
      >
        <svg
          aria-hidden="true"
          className="svg-inline--fa fa-mug-hot fa-w-16 fa-2x "
          color="orange"
          data-icon="mug-hot"
          data-prefix="fas"
          focusable="false"
          role="img"
          style={Object {}}
          viewBox="0 0 512 512"
          xmlns="http://www.w3.org/2000/svg"
        >
          <path
            d="M127.1 146.5c1.3 7.7 8 13.5 16 13.5h16.5c9.8 0 17.6-8.5 16.3-18-3.8-28.2-16.4-54.2-36.6-74.7-14.4-14.7-23.6-33.3-26.4-53.5C111.8 5.9 105 0 96.8 0H80.4C70.6 0 63 8.5 64.1 18c3.9 31.9 18 61.3 40.6 84.4 12 12.2 19.7 27.5 22.4 44.1zm112 0c1.3 7.7 8 13.5 16 13.5h16.5c9.8 0 17.6-8.5 16.3-18-3.8-28.2-16.4-54.2-36.6-74.7-14.4-14.7-23.6-33.3-26.4-53.5C223.8 5.9 217 0 208.8 0h-16.4c-9.8 0-17.5 8.5-16.3 18 3.9 31.9 18 61.3 40.6 84.4 12 12.2 19.7 27.5 22.4 44.1zM400 192H32c-17.7 0-32 14.3-32 32v192c0 53 43 96 96 96h192c53 0 96-43 96-96h16c61.8 0 112-50.2 112-112s-50.2-112-112-112zm0 160h-16v-96h16c26.5 0 48 21.5 48 48s-21.5 48-48 48z"
            fill="currentColor"
            style={Object {}}
          />
        </svg>
      </div>
      <div
        className="item__tags"
      >
        <div
          className="item__info"
        >
          <div
            className="item__label"
          >
            Price
          </div>
          <div
            className="item__value"
          >
            15
          </div>
        </div>
        <div
          className="item__info"
        >
          <div
            className="item__label"
          >
            Available
          </div>
          <div
            className="item__value"
          >
            7
          </div>
        </div>
      </div>
    </div>
    <div
      className="item"
      onClick={[Function]}
    >
      <div
        className="item__key"
      >
        14
         - 
        Cheese
      </div>
      <div
        className="item__icon"
      >
        <svg
          aria-hidden="true"
          className="svg-inline--fa fa-mug-hot fa-w-16 fa-2x "
          color="orange"
          data-icon="mug-hot"
          data-prefix="fas"
          focusable="false"
          role="img"
          style={Object {}}
          viewBox="0 0 512 512"
          xmlns="http://www.w3.org/2000/svg"
        >
          <path
            d="M127.1 146.5c1.3 7.7 8 13.5 16 13.5h16.5c9.8 0 17.6-8.5 16.3-18-3.8-28.2-16.4-54.2-36.6-74.7-14.4-14.7-23.6-33.3-26.4-53.5C111.8 5.9 105 0 96.8 0H80.4C70.6 0 63 8.5 64.1 18c3.9 31.9 18 61.3 40.6 84.4 12 12.2 19.7 27.5 22.4 44.1zm112 0c1.3 7.7 8 13.5 16 13.5h16.5c9.8 0 17.6-8.5 16.3-18-3.8-28.2-16.4-54.2-36.6-74.7-14.4-14.7-23.6-33.3-26.4-53.5C223.8 5.9 217 0 208.8 0h-16.4c-9.8 0-17.5 8.5-16.3 18 3.9 31.9 18 61.3 40.6 84.4 12 12.2 19.7 27.5 22.4 44.1zM400 192H32c-17.7 0-32 14.3-32 32v192c0 53 43 96 96 96h192c53 0 96-43 96-96h16c61.8 0 112-50.2 112-112s-50.2-112-112-112zm0 160h-16v-96h16c26.5 0 48 21.5 48 48s-21.5 48-48 48z"
            fill="currentColor"
            style={Object {}}
          />
        </svg>
      </div>
      <div
        className="item__tags"
      >
        <div
          className="item__info"
        >
          <div
            className="item__label"
          >
            Price
          </div>
          <div
            className="item__value"
          >
            15
          </div>
        </div>
        <div
          className="item__info"
        >
          <div
            className="item__label"
          >
            Available
          </div>
          <div
            className="item__value"
          >
            7
          </div>
        </div>
      </div>
    </div>
  </div>
  <div
    className="products__row"
  >
    <div
      className="item"
      onClick={[Function]}
    >
      <div
        className="item__key"
      >
        15
         - 
        Cheese
      </div>
      <div
        className="item__icon"
      >
        <svg
          aria-hidden="true"
          className="svg-inline--fa fa-mug-hot fa-w-16 fa-2x "
          color="orange"
          data-icon="mug-hot"
          data-prefix="fas"
          focusable="false"
          role="img"
          style={Object {}}
          viewBox="0 0 512 512"
          xmlns="http://www.w3.org/2000/svg"
        >
          <path
            d="M127.1 146.5c1.3 7.7 8 13.5 16 13.5h16.5c9.8 0 17.6-8.5 16.3-18-3.8-28.2-16.4-54.2-36.6-74.7-14.4-14.7-23.6-33.3-26.4-53.5C111.8 5.9 105 0 96.8 0H80.4C70.6 0 63 8.5 64.1 18c3.9 31.9 18 61.3 40.6 84.4 12 12.2 19.7 27.5 22.4 44.1zm112 0c1.3 7.7 8 13.5 16 13.5h16.5c9.8 0 17.6-8.5 16.3-18-3.8-28.2-16.4-54.2-36.6-74.7-14.4-14.7-23.6-33.3-26.4-53.5C223.8 5.9 217 0 208.8 0h-16.4c-9.8 0-17.5 8.5-16.3 18 3.9 31.9 18 61.3 40.6 84.4 12 12.2 19.7 27.5 22.4 44.1zM400 192H32c-17.7 0-32 14.3-32 32v192c0 53 43 96 96 96h192c53 0 96-43 96-96h16c61.8 0 112-50.2 112-112s-50.2-112-112-112zm0 160h-16v-96h16c26.5 0 48 21.5 48 48s-21.5 48-48 48z"
            fill="currentColor"
            style={Object {}}
          />
        </svg>
      </div>
      <div
        className="item__tags"
      >
        <div
          className="item__info"
        >
          <div
            className="item__label"
          >
            Price
          </div>
          <div
            className="item__value"
          >
            15
          </div>
        </div>
        <div
          className="item__info"
        >
          <div
            className="item__label"
          >
            Available
          </div>
          <div
            className="item__value"
          >
            7
          </div>
        </div>
      </div>
    </div>
    <div
      className="item"
      onClick={[Function]}
    >
      <div
        className="item__key"
      >
        16
         - 
        Cheese
      </div>
      <div
        className="item__icon"
      >
        <svg
          aria-hidden="true"
          className="svg-inline--fa fa-mug-hot fa-w-16 fa-2x "
          color="orange"
          data-icon="mug-hot"
          data-prefix="fas"
          focusable="false"
          role="img"
          style={Object {}}
          viewBox="0 0 512 512"
          xmlns="http://www.w3.org/2000/svg"
        >
          <path
            d="M127.1 146.5c1.3 7.7 8 13.5 16 13.5h16.5c9.8 0 17.6-8.5 16.3-18-3.8-28.2-16.4-54.2-36.6-74.7-14.4-14.7-23.6-33.3-26.4-53.5C111.8 5.9 105 0 96.8 0H80.4C70.6 0 63 8.5 64.1 18c3.9 31.9 18 61.3 40.6 84.4 12 12.2 19.7 27.5 22.4 44.1zm112 0c1.3 7.7 8 13.5 16 13.5h16.5c9.8 0 17.6-8.5 16.3-18-3.8-28.2-16.4-54.2-36.6-74.7-14.4-14.7-23.6-33.3-26.4-53.5C223.8 5.9 217 0 208.8 0h-16.4c-9.8 0-17.5 8.5-16.3 18 3.9 31.9 18 61.3 40.6 84.4 12 12.2 19.7 27.5 22.4 44.1zM400 192H32c-17.7 0-32 14.3-32 32v192c0 53 43 96 96 96h192c53 0 96-43 96-96h16c61.8 0 112-50.2 112-112s-50.2-112-112-112zm0 160h-16v-96h16c26.5 0 48 21.5 48 48s-21.5 48-48 48z"
            fill="currentColor"
            style={Object {}}
          />
        </svg>
      </div>
      <div
        className="item__tags"
      >
        <div
          className="item__info"
        >
          <div
            className="item__label"
          >
            Price
          </div>
          <div
            className="item__value"
          >
            15
          </div>
        </div>
        <div
          className="item__info"
        >
          <div
            className="item__label"
          >
            Available
          </div>
          <div
            className="item__value"
          >
            7
          </div>
        </div>
      </div>
    </div>
    <div
      className="item"
      onClick={[Function]}
    >
      <div
        className="item__key"
      >
        17
         - 
        Cheese
      </div>
      <div
        className="item__icon"
      >
        <svg
          aria-hidden="true"
          className="svg-inline--fa fa-mug-hot fa-w-16 fa-2x "
          color="orange"
          data-icon="mug-hot"
          data-prefix="fas"
          focusable="false"
          role="img"
          style={Object {}}
          viewBox="0 0 512 512"
          xmlns="http://www.w3.org/2000/svg"
        >
          <path
            d="M127.1 146.5c1.3 7.7 8 13.5 16 13.5h16.5c9.8 0 17.6-8.5 16.3-18-3.8-28.2-16.4-54.2-36.6-74.7-14.4-14.7-23.6-33.3-26.4-53.5C111.8 5.9 105 0 96.8 0H80.4C70.6 0 63 8.5 64.1 18c3.9 31.9 18 61.3 40.6 84.4 12 12.2 19.7 27.5 22.4 44.1zm112 0c1.3 7.7 8 13.5 16 13.5h16.5c9.8 0 17.6-8.5 16.3-18-3.8-28.2-16.4-54.2-36.6-74.7-14.4-14.7-23.6-33.3-26.4-53.5C223.8 5.9 217 0 208.8 0h-16.4c-9.8 0-17.5 8.5-16.3 18 3.9 31.9 18 61.3 40.6 84.4 12 12.2 19.7 27.5 22.4 44.1zM400 192H32c-17.7 0-32 14.3-32 32v192c0 53 43 96 96 96h192c53 0 96-43 96-96h16c61.8 0 112-50.2 112-112s-50.2-112-112-112zm0 160h-16v-96h16c26.5 0 48 21.5 48 48s-21.5 48-48 48z"
            fill="currentColor"
            style={Object {}}
          />
        </svg>
      </div>
      <div
        className="item__tags"
      >
        <div
          className="item__info"
        >
          <div
            className="item__label"
          >
            Price
          </div>
          <div
            className="item__value"
          >
            15
          </div>
        </div>
        <div
          className="item__info"
        >
          <div
            className="item__label"
          >
            Available
          </div>
          <div
            className="item__value"
          >
            7
          </div>
        </div>
      </div>
    </div>
    <div
      className="item"
      onClick={[Function]}
    >
      <div
        className="item__key"
      >
        18
         - 
        Cheese
      </div>
      <div
        className="item__icon"
      >
        <svg
          aria-hidden="true"
          className="svg-inline--fa fa-mug-hot fa-w-16 fa-2x "
          color="orange"
          data-icon="mug-hot"
          data-prefix="fas"
          focusable="false"
          role="img"
          style={Object {}}
          viewBox="0 0 512 512"
          xmlns="http://www.w3.org/2000/svg"
        >
          <path
            d="M127.1 146.5c1.3 7.7 8 13.5 16 13.5h16.5c9.8 0 17.6-8.5 16.3-18-3.8-28.2-16.4-54.2-36.6-74.7-14.4-14.7-23.6-33.3-26.4-53.5C111.8 5.9 105 0 96.8 0H80.4C70.6 0 63 8.5 64.1 18c3.9 31.9 18 61.3 40.6 84.4 12 12.2 19.7 27.5 22.4 44.1zm112 0c1.3 7.7 8 13.5 16 13.5h16.5c9.8 0 17.6-8.5 16.3-18-3.8-28.2-16.4-54.2-36.6-74.7-14.4-14.7-23.6-33.3-26.4-53.5C223.8 5.9 217 0 208.8 0h-16.4c-9.8 0-17.5 8.5-16.3 18 3.9 31.9 18 61.3 40.6 84.4 12 12.2 19.7 27.5 22.4 44.1zM400 192H32c-17.7 0-32 14.3-32 32v192c0 53 43 96 96 96h192c53 0 96-43 96-96h16c61.8 0 112-50.2 112-112s-50.2-112-112-112zm0 160h-16v-96h16c26.5 0 48 21.5 48 48s-21.5 48-48 48z"
            fill="currentColor"
            style={Object {}}
          />
        </svg>
      </div>
      <div
        className="item__tags"
      >
        <div
          className="item__info"
        >
          <div
            className="item__label"
          >
            Price
          </div>
          <div
            className="item__value"
          >
            15
          </div>
        </div>
        <div
          className="item__info"
        >
          <div
            className="item__label"
          >
            Available
          </div>
          <div
            className="item__value"
          >
            7
          </div>
        </div>
      </div>
    </div>
    <div
      className="item"
      onClick={[Function]}
    >
      <div
        className="item__key"
      >
        19
         - 
        Cheese
      </div>
      <div
        className="item__icon"
      >
        <svg
          aria-hidden="true"
          className="svg-inline--fa fa-mug-hot fa-w-16 fa-2x "
          color="orange"
          data-icon="mug-hot"
          data-prefix="fas"
          focusable="false"
          role="img"
          style={Object {}}
          viewBox="0 0 512 512"
          xmlns="http://www.w3.org/2000/svg"
        >
          <path
            d="M127.1 146.5c1.3 7.7 8 13.5 16 13.5h16.5c9.8 0 17.6-8.5 16.3-18-3.8-28.2-16.4-54.2-36.6-74.7-14.4-14.7-23.6-33.3-26.4-53.5C111.8 5.9 105 0 96.8 0H80.4C70.6 0 63 8.5 64.1 18c3.9 31.9 18 61.3 40.6 84.4 12 12.2 19.7 27.5 22.4 44.1zm112 0c1.3 7.7 8 13.5 16 13.5h16.5c9.8 0 17.6-8.5 16.3-18-3.8-28.2-16.4-54.2-36.6-74.7-14.4-14.7-23.6-33.3-26.4-53.5C223.8 5.9 217 0 208.8 0h-16.4c-9.8 0-17.5 8.5-16.3 18 3.9 31.9 18 61.3 40.6 84.4 12 12.2 19.7 27.5 22.4 44.1zM400 192H32c-17.7 0-32 14.3-32 32v192c0 53 43 96 96 96h192c53 0 96-43 96-96h16c61.8 0 112-50.2 112-112s-50.2-112-112-112zm0 160h-16v-96h16c26.5 0 48 21.5 48 48s-21.5 48-48 48z"
            fill="currentColor"
            style={Object {}}
          />
        </svg>
      </div>
      <div
        className="item__tags"
      >
        <div
          className="item__info"
        >
          <div
            className="item__label"
          >
            Price
          </div>
          <div
            className="item__value"
          >
            15
          </div>
        </div>
        <div
          className="item__info"
        >
          <div
            className="item__label"
          >
            Available
          </div>
          <div
            className="item__value"
          >
            7
          </div>
        </div>
      </div>
    </div>
  </div>
  <div
    className="products__row"
  >
    <div
      className="item"
      onClick={[Function]}
    >
      <div
        className="item__key"
      >
        20
         - 
        Cheese
      </div>
      <div
        className="item__icon"
      >
        <svg
          aria-hidden="true"
          className="svg-inline--fa fa-mug-hot fa-w-16 fa-2x "
          color="orange"
          data-icon="mug-hot"
          data-prefix="fas"
          focusable="false"
          role="img"
          style={Object {}}
          viewBox="0 0 512 512"
          xmlns="http://www.w3.org/2000/svg"
        >
          <path
            d="M127.1 146.5c1.3 7.7 8 13.5 16 13.5h16.5c9.8 0 17.6-8.5 16.3-18-3.8-28.2-16.4-54.2-36.6-74.7-14.4-14.7-23.6-33.3-26.4-53.5C111.8 5.9 105 0 96.8 0H80.4C70.6 0 63 8.5 64.1 18c3.9 31.9 18 61.3 40.6 84.4 12 12.2 19.7 27.5 22.4 44.1zm112 0c1.3 7.7 8 13.5 16 13.5h16.5c9.8 0 17.6-8.5 16.3-18-3.8-28.2-16.4-54.2-36.6-74.7-14.4-14.7-23.6-33.3-26.4-53.5C223.8 5.9 217 0 208.8 0h-16.4c-9.8 0-17.5 8.5-16.3 18 3.9 31.9 18 61.3 40.6 84.4 12 12.2 19.7 27.5 22.4 44.1zM400 192H32c-17.7 0-32 14.3-32 32v192c0 53 43 96 96 96h192c53 0 96-43 96-96h16c61.8 0 112-50.2 112-112s-50.2-112-112-112zm0 160h-16v-96h16c26.5 0 48 21.5 48 48s-21.5 48-48 48z"
            fill="currentColor"
            style={Object {}}
          />
        </svg>
      </div>
      <div
        className="item__tags"
      >
        <div
          className="item__info"
        >
          <div
            className="item__label"
          >
            Price
          </div>
          <div
            className="item__value"
          >
            15
          </div>
        </div>
        <div
          className="item__info"
        >
          <div
            className="item__label"
          >
            Available
          </div>
          <div
            className="item__value"
          >
            7
          </div>
        </div>
      </div>
    </div>
    <div
      className="item"
      onClick={[Function]}
    >
      <div
        className="item__key"
      >
        21
         - 
        Cheese
      </div>
      <div
        className="item__icon"
      >
        <svg
          aria-hidden="true"
          className="svg-inline--fa fa-mug-hot fa-w-16 fa-2x "
          color="orange"
          data-icon="mug-hot"
          data-prefix="fas"
          focusable="false"
          role="img"
          style={Object {}}
          viewBox="0 0 512 512"
          xmlns="http://www.w3.org/2000/svg"
        >
          <path
            d="M127.1 146.5c1.3 7.7 8 13.5 16 13.5h16.5c9.8 0 17.6-8.5 16.3-18-3.8-28.2-16.4-54.2-36.6-74.7-14.4-14.7-23.6-33.3-26.4-53.5C111.8 5.9 105 0 96.8 0H80.4C70.6 0 63 8.5 64.1 18c3.9 31.9 18 61.3 40.6 84.4 12 12.2 19.7 27.5 22.4 44.1zm112 0c1.3 7.7 8 13.5 16 13.5h16.5c9.8 0 17.6-8.5 16.3-18-3.8-28.2-16.4-54.2-36.6-74.7-14.4-14.7-23.6-33.3-26.4-53.5C223.8 5.9 217 0 208.8 0h-16.4c-9.8 0-17.5 8.5-16.3 18 3.9 31.9 18 61.3 40.6 84.4 12 12.2 19.7 27.5 22.4 44.1zM400 192H32c-17.7 0-32 14.3-32 32v192c0 53 43 96 96 96h192c53 0 96-43 96-96h16c61.8 0 112-50.2 112-112s-50.2-112-112-112zm0 160h-16v-96h16c26.5 0 48 21.5 48 48s-21.5 48-48 48z"
            fill="currentColor"
            style={Object {}}
          />
        </svg>
      </div>
      <div
        className="item__tags"
      >
        <div
          className="item__info"
        >
          <div
            className="item__label"
          >
            Price
          </div>
          <div
            className="item__value"
          >
            15
          </div>
        </div>
        <div
          className="item__info"
        >
          <div
            className="item__label"
          >
            Available
          </div>
          <div
            className="item__value"
          >
            7
          </div>
        </div>
      </div>
    </div>
    <div
      className="item"
      onClick={[Function]}
    >
      <div
        className="item__key"
      >
        22
         - 
        Cheese
      </div>
      <div
        className="item__icon"
      >
        <svg
          aria-hidden="true"
          className="svg-inline--fa fa-mug-hot fa-w-16 fa-2x "
          color="orange"
          data-icon="mug-hot"
          data-prefix="fas"
          focusable="false"
          role="img"
          style={Object {}}
          viewBox="0 0 512 512"
          xmlns="http://www.w3.org/2000/svg"
        >
          <path
            d="M127.1 146.5c1.3 7.7 8 13.5 16 13.5h16.5c9.8 0 17.6-8.5 16.3-18-3.8-28.2-16.4-54.2-36.6-74.7-14.4-14.7-23.6-33.3-26.4-53.5C111.8 5.9 105 0 96.8 0H80.4C70.6 0 63 8.5 64.1 18c3.9 31.9 18 61.3 40.6 84.4 12 12.2 19.7 27.5 22.4 44.1zm112 0c1.3 7.7 8 13.5 16 13.5h16.5c9.8 0 17.6-8.5 16.3-18-3.8-28.2-16.4-54.2-36.6-74.7-14.4-14.7-23.6-33.3-26.4-53.5C223.8 5.9 217 0 208.8 0h-16.4c-9.8 0-17.5 8.5-16.3 18 3.9 31.9 18 61.3 40.6 84.4 12 12.2 19.7 27.5 22.4 44.1zM400 192H32c-17.7 0-32 14.3-32 32v192c0 53 43 96 96 96h192c53 0 96-43 96-96h16c61.8 0 112-50.2 112-112s-50.2-112-112-112zm0 160h-16v-96h16c26.5 0 48 21.5 48 48s-21.5 48-48 48z"
            fill="currentColor"
            style={Object {}}
          />
        </svg>
      </div>
      <div
        className="item__tags"
      >
        <div
          className="item__info"
        >
          <div
            className="item__label"
          >
            Price
          </div>
          <div
            className="item__value"
          >
            15
          </div>
        </div>
        <div
          className="item__info"
        >
          <div
            className="item__label"
          >
            Available
          </div>
          <div
            className="item__value"
          >
            7
          </div>
        </div>
      </div>
    </div>
    <div
      className="item"
      onClick={[Function]}
    >
      <div
        className="item__key"
      >
        23
         - 
        Cheese
      </div>
      <div
        className="item__icon"
      >
        <svg
          aria-hidden="true"
          className="svg-inline--fa fa-mug-hot fa-w-16 fa-2x "
          color="orange"
          data-icon="mug-hot"
          data-prefix="fas"
          focusable="false"
          role="img"
          style={Object {}}
          viewBox="0 0 512 512"
          xmlns="http://www.w3.org/2000/svg"
        >
          <path
            d="M127.1 146.5c1.3 7.7 8 13.5 16 13.5h16.5c9.8 0 17.6-8.5 16.3-18-3.8-28.2-16.4-54.2-36.6-74.7-14.4-14.7-23.6-33.3-26.4-53.5C111.8 5.9 105 0 96.8 0H80.4C70.6 0 63 8.5 64.1 18c3.9 31.9 18 61.3 40.6 84.4 12 12.2 19.7 27.5 22.4 44.1zm112 0c1.3 7.7 8 13.5 16 13.5h16.5c9.8 0 17.6-8.5 16.3-18-3.8-28.2-16.4-54.2-36.6-74.7-14.4-14.7-23.6-33.3-26.4-53.5C223.8 5.9 217 0 208.8 0h-16.4c-9.8 0-17.5 8.5-16.3 18 3.9 31.9 18 61.3 40.6 84.4 12 12.2 19.7 27.5 22.4 44.1zM400 192H32c-17.7 0-32 14.3-32 32v192c0 53 43 96 96 96h192c53 0 96-43 96-96h16c61.8 0 112-50.2 112-112s-50.2-112-112-112zm0 160h-16v-96h16c26.5 0 48 21.5 48 48s-21.5 48-48 48z"
            fill="currentColor"
            style={Object {}}
          />
        </svg>
      </div>
      <div
        className="item__tags"
      >
        <div
          className="item__info"
        >
          <div
            className="item__label"
          >
            Price
          </div>
          <div
            className="item__value"
          >
            15
          </div>
        </div>
        <div
          className="item__info"
        >
          <div
            className="item__label"
          >
            Available
          </div>
          <div
            className="item__value"
          >
            7
          </div>
        </div>
      </div>
    </div>
    <div
      className="item"
      onClick={[Function]}
    >
      <div
        className="item__key"
      >
        24
         - 
        Cheese
      </div>
      <div
        className="item__icon"
      >
        <svg
          aria-hidden="true"
          className="svg-inline--fa fa-mug-hot fa-w-16 fa-2x "
          color="orange"
          data-icon="mug-hot"
          data-prefix="fas"
          focusable="false"
          role="img"
          style={Object {}}
          viewBox="0 0 512 512"
          xmlns="http://www.w3.org/2000/svg"
        >
          <path
            d="M127.1 146.5c1.3 7.7 8 13.5 16 13.5h16.5c9.8 0 17.6-8.5 16.3-18-3.8-28.2-16.4-54.2-36.6-74.7-14.4-14.7-23.6-33.3-26.4-53.5C111.8 5.9 105 0 96.8 0H80.4C70.6 0 63 8.5 64.1 18c3.9 31.9 18 61.3 40.6 84.4 12 12.2 19.7 27.5 22.4 44.1zm112 0c1.3 7.7 8 13.5 16 13.5h16.5c9.8 0 17.6-8.5 16.3-18-3.8-28.2-16.4-54.2-36.6-74.7-14.4-14.7-23.6-33.3-26.4-53.5C223.8 5.9 217 0 208.8 0h-16.4c-9.8 0-17.5 8.5-16.3 18 3.9 31.9 18 61.3 40.6 84.4 12 12.2 19.7 27.5 22.4 44.1zM400 192H32c-17.7 0-32 14.3-32 32v192c0 53 43 96 96 96h192c53 0 96-43 96-96h16c61.8 0 112-50.2 112-112s-50.2-112-112-112zm0 160h-16v-96h16c26.5 0 48 21.5 48 48s-21.5 48-48 48z"
            fill="currentColor"
            style={Object {}}
          />
        </svg>
      </div>
      <div
        className="item__tags"
      >
        <div
          className="item__info"
        >
          <div
            className="item__label"
          >
            Price
          </div>
          <div
            className="item__value"
          >
            15
          </div>
        </div>
        <div
          className="item__info"
        >
          <div
            className="item__label"
          >
            Available
          </div>
          <div
            className="item__value"
          >
            7
          </div>
        </div>
      </div>
    </div>
  </div>
  <div
    className="products__row"
  >
    <div
      className="item"
      onClick={[Function]}
    >
      <div
        className="item__key"
      >
        25
         - 
        Cheese
      </div>
      <div
        className="item__icon"
      >
        <svg
          aria-hidden="true"
          className="svg-inline--fa fa-mug-hot fa-w-16 fa-2x "
          color="orange"
          data-icon="mug-hot"
          data-prefix="fas"
          focusable="false"
          role="img"
          style={Object {}}
          viewBox="0 0 512 512"
          xmlns="http://www.w3.org/2000/svg"
        >
          <path
            d="M127.1 146.5c1.3 7.7 8 13.5 16 13.5h16.5c9.8 0 17.6-8.5 16.3-18-3.8-28.2-16.4-54.2-36.6-74.7-14.4-14.7-23.6-33.3-26.4-53.5C111.8 5.9 105 0 96.8 0H80.4C70.6 0 63 8.5 64.1 18c3.9 31.9 18 61.3 40.6 84.4 12 12.2 19.7 27.5 22.4 44.1zm112 0c1.3 7.7 8 13.5 16 13.5h16.5c9.8 0 17.6-8.5 16.3-18-3.8-28.2-16.4-54.2-36.6-74.7-14.4-14.7-23.6-33.3-26.4-53.5C223.8 5.9 217 0 208.8 0h-16.4c-9.8 0-17.5 8.5-16.3 18 3.9 31.9 18 61.3 40.6 84.4 12 12.2 19.7 27.5 22.4 44.1zM400 192H32c-17.7 0-32 14.3-32 32v192c0 53 43 96 96 96h192c53 0 96-43 96-96h16c61.8 0 112-50.2 112-112s-50.2-112-112-112zm0 160h-16v-96h16c26.5 0 48 21.5 48 48s-21.5 48-48 48z"
            fill="currentColor"
            style={Object {}}
          />
        </svg>
      </div>
      <div
        className="item__tags"
      >
        <div
          className="item__info"
        >
          <div
            className="item__label"
          >
            Price
          </div>
          <div
            className="item__value"
          >
            15
          </div>
        </div>
        <div
          className="item__info"
        >
          <div
            className="item__label"
          >
            Available
          </div>
          <div
            className="item__value"
          >
            7
          </div>
        </div>
      </div>
    </div>
    <div
      className="item"
      onClick={[Function]}
    >
      <div
        className="item__key"
      >
        26
         - 
        Cheese
      </div>
      <div
        className="item__icon"
      >
        <svg
          aria-hidden="true"
          className="svg-inline--fa fa-mug-hot fa-w-16 fa-2x "
          color="orange"
          data-icon="mug-hot"
          data-prefix="fas"
          focusable="false"
          role="img"
          style={Object {}}
          viewBox="0 0 512 512"
          xmlns="http://www.w3.org/2000/svg"
        >
          <path
            d="M127.1 146.5c1.3 7.7 8 13.5 16 13.5h16.5c9.8 0 17.6-8.5 16.3-18-3.8-28.2-16.4-54.2-36.6-74.7-14.4-14.7-23.6-33.3-26.4-53.5C111.8 5.9 105 0 96.8 0H80.4C70.6 0 63 8.5 64.1 18c3.9 31.9 18 61.3 40.6 84.4 12 12.2 19.7 27.5 22.4 44.1zm112 0c1.3 7.7 8 13.5 16 13.5h16.5c9.8 0 17.6-8.5 16.3-18-3.8-28.2-16.4-54.2-36.6-74.7-14.4-14.7-23.6-33.3-26.4-53.5C223.8 5.9 217 0 208.8 0h-16.4c-9.8 0-17.5 8.5-16.3 18 3.9 31.9 18 61.3 40.6 84.4 12 12.2 19.7 27.5 22.4 44.1zM400 192H32c-17.7 0-32 14.3-32 32v192c0 53 43 96 96 96h192c53 0 96-43 96-96h16c61.8 0 112-50.2 112-112s-50.2-112-112-112zm0 160h-16v-96h16c26.5 0 48 21.5 48 48s-21.5 48-48 48z"
            fill="currentColor"
            style={Object {}}
          />
        </svg>
      </div>
      <div
        className="item__tags"
      >
        <div
          className="item__info"
        >
          <div
            className="item__label"
          >
            Price
          </div>
          <div
            className="item__value"
          >
            15
          </div>
        </div>
        <div
          className="item__info"
        >
          <div
            className="item__label"
          >
            Available
          </div>
          <div
            className="item__value"
          >
            7
          </div>
        </div>
      </div>
    </div>
    <div
      className="item"
      onClick={[Function]}
    >
      <div
        className="item__key"
      >
        27
         - 
        Cheese
      </div>
      <div
        className="item__icon"
      >
        <svg
          aria-hidden="true"
          className="svg-inline--fa fa-mug-hot fa-w-16 fa-2x "
          color="orange"
          data-icon="mug-hot"
          data-prefix="fas"
          focusable="false"
          role="img"
          style={Object {}}
          viewBox="0 0 512 512"
          xmlns="http://www.w3.org/2000/svg"
        >
          <path
            d="M127.1 146.5c1.3 7.7 8 13.5 16 13.5h16.5c9.8 0 17.6-8.5 16.3-18-3.8-28.2-16.4-54.2-36.6-74.7-14.4-14.7-23.6-33.3-26.4-53.5C111.8 5.9 105 0 96.8 0H80.4C70.6 0 63 8.5 64.1 18c3.9 31.9 18 61.3 40.6 84.4 12 12.2 19.7 27.5 22.4 44.1zm112 0c1.3 7.7 8 13.5 16 13.5h16.5c9.8 0 17.6-8.5 16.3-18-3.8-28.2-16.4-54.2-36.6-74.7-14.4-14.7-23.6-33.3-26.4-53.5C223.8 5.9 217 0 208.8 0h-16.4c-9.8 0-17.5 8.5-16.3 18 3.9 31.9 18 61.3 40.6 84.4 12 12.2 19.7 27.5 22.4 44.1zM400 192H32c-17.7 0-32 14.3-32 32v192c0 53 43 96 96 96h192c53 0 96-43 96-96h16c61.8 0 112-50.2 112-112s-50.2-112-112-112zm0 160h-16v-96h16c26.5 0 48 21.5 48 48s-21.5 48-48 48z"
            fill="currentColor"
            style={Object {}}
          />
        </svg>
      </div>
      <div
        className="item__tags"
      >
        <div
          className="item__info"
        >
          <div
            className="item__label"
          >
            Price
          </div>
          <div
            className="item__value"
          >
            15
          </div>
        </div>
        <div
          className="item__info"
        >
          <div
            className="item__label"
          >
            Available
          </div>
          <div
            className="item__value"
          >
            7
          </div>
        </div>
      </div>
    </div>
    <div
      className="item"
      onClick={[Function]}
    >
      <div
        className="item__key"
      >
        28
         - 
        Cheese
      </div>
      <div
        className="item__icon"
      >
        <svg
          aria-hidden="true"
          className="svg-inline--fa fa-mug-hot fa-w-16 fa-2x "
          color="orange"
          data-icon="mug-hot"
          data-prefix="fas"
          focusable="false"
          role="img"
          style={Object {}}
          viewBox="0 0 512 512"
          xmlns="http://www.w3.org/2000/svg"
        >
          <path
            d="M127.1 146.5c1.3 7.7 8 13.5 16 13.5h16.5c9.8 0 17.6-8.5 16.3-18-3.8-28.2-16.4-54.2-36.6-74.7-14.4-14.7-23.6-33.3-26.4-53.5C111.8 5.9 105 0 96.8 0H80.4C70.6 0 63 8.5 64.1 18c3.9 31.9 18 61.3 40.6 84.4 12 12.2 19.7 27.5 22.4 44.1zm112 0c1.3 7.7 8 13.5 16 13.5h16.5c9.8 0 17.6-8.5 16.3-18-3.8-28.2-16.4-54.2-36.6-74.7-14.4-14.7-23.6-33.3-26.4-53.5C223.8 5.9 217 0 208.8 0h-16.4c-9.8 0-17.5 8.5-16.3 18 3.9 31.9 18 61.3 40.6 84.4 12 12.2 19.7 27.5 22.4 44.1zM400 192H32c-17.7 0-32 14.3-32 32v192c0 53 43 96 96 96h192c53 0 96-43 96-96h16c61.8 0 112-50.2 112-112s-50.2-112-112-112zm0 160h-16v-96h16c26.5 0 48 21.5 48 48s-21.5 48-48 48z"
            fill="currentColor"
            style={Object {}}
          />
        </svg>
      </div>
      <div
        className="item__tags"
      >
        <div
          className="item__info"
        >
          <div
            className="item__label"
          >
            Price
          </div>
          <div
            className="item__value"
          >
            15
          </div>
        </div>
        <div
          className="item__info"
        >
          <div
            className="item__label"
          >
            Available
          </div>
          <div
            className="item__value"
          >
            7
          </div>
        </div>
      </div>
    </div>
    <div
      className="item"
      onClick={[Function]}
    >
      <div
        className="item__key"
      >
        29
         - 
        Cheese
      </div>
      <div
        className="item__icon"
      >
        <svg
          aria-hidden="true"
          className="svg-inline--fa fa-mug-hot fa-w-16 fa-2x "
          color="orange"
          data-icon="mug-hot"
          data-prefix="fas"
          focusable="false"
          role="img"
          style={Object {}}
          viewBox="0 0 512 512"
          xmlns="http://www.w3.org/2000/svg"
        >
          <path
            d="M127.1 146.5c1.3 7.7 8 13.5 16 13.5h16.5c9.8 0 17.6-8.5 16.3-18-3.8-28.2-16.4-54.2-36.6-74.7-14.4-14.7-23.6-33.3-26.4-53.5C111.8 5.9 105 0 96.8 0H80.4C70.6 0 63 8.5 64.1 18c3.9 31.9 18 61.3 40.6 84.4 12 12.2 19.7 27.5 22.4 44.1zm112 0c1.3 7.7 8 13.5 16 13.5h16.5c9.8 0 17.6-8.5 16.3-18-3.8-28.2-16.4-54.2-36.6-74.7-14.4-14.7-23.6-33.3-26.4-53.5C223.8 5.9 217 0 208.8 0h-16.4c-9.8 0-17.5 8.5-16.3 18 3.9 31.9 18 61.3 40.6 84.4 12 12.2 19.7 27.5 22.4 44.1zM400 192H32c-17.7 0-32 14.3-32 32v192c0 53 43 96 96 96h192c53 0 96-43 96-96h16c61.8 0 112-50.2 112-112s-50.2-112-112-112zm0 160h-16v-96h16c26.5 0 48 21.5 48 48s-21.5 48-48 48z"
            fill="currentColor"
            style={Object {}}
          />
        </svg>
      </div>
      <div
        className="item__tags"
      >
        <div
          className="item__info"
        >
          <div
            className="item__label"
          >
            Price
          </div>
          <div
            className="item__value"
          >
            15
          </div>
        </div>
        <div
          className="item__info"
        >
          <div
            className="item__label"
          >
            Available
          </div>
          <div
            className="item__value"
          >
            7
          </div>
        </div>
      </div>
    </div>
  </div>
  <div
    className="products__row"
  >
    <div
      className="item"
      onClick={[Function]}
    >
      <div
        className="item__key"
      >
        30
         - 
        Cheese
      </div>
      <div
        className="item__icon"
      >
        <svg
          aria-hidden="true"
          className="svg-inline--fa fa-mug-hot fa-w-16 fa-2x "
          color="orange"
          data-icon="mug-hot"
          data-prefix="fas"
          focusable="false"
          role="img"
          style={Object {}}
          viewBox="0 0 512 512"
          xmlns="http://www.w3.org/2000/svg"
        >
          <path
            d="M127.1 146.5c1.3 7.7 8 13.5 16 13.5h16.5c9.8 0 17.6-8.5 16.3-18-3.8-28.2-16.4-54.2-36.6-74.7-14.4-14.7-23.6-33.3-26.4-53.5C111.8 5.9 105 0 96.8 0H80.4C70.6 0 63 8.5 64.1 18c3.9 31.9 18 61.3 40.6 84.4 12 12.2 19.7 27.5 22.4 44.1zm112 0c1.3 7.7 8 13.5 16 13.5h16.5c9.8 0 17.6-8.5 16.3-18-3.8-28.2-16.4-54.2-36.6-74.7-14.4-14.7-23.6-33.3-26.4-53.5C223.8 5.9 217 0 208.8 0h-16.4c-9.8 0-17.5 8.5-16.3 18 3.9 31.9 18 61.3 40.6 84.4 12 12.2 19.7 27.5 22.4 44.1zM400 192H32c-17.7 0-32 14.3-32 32v192c0 53 43 96 96 96h192c53 0 96-43 96-96h16c61.8 0 112-50.2 112-112s-50.2-112-112-112zm0 160h-16v-96h16c26.5 0 48 21.5 48 48s-21.5 48-48 48z"
            fill="currentColor"
            style={Object {}}
          />
        </svg>
      </div>
      <div
        className="item__tags"
      >
        <div
          className="item__info"
        >
          <div
            className="item__label"
          >
            Price
          </div>
          <div
            className="item__value"
          >
            15
          </div>
        </div>
        <div
          className="item__info"
        >
          <div
            className="item__label"
          >
            Available
          </div>
          <div
            className="item__value"
          >
            7
          </div>
        </div>
      </div>
    </div>
    <div
      className="item"
      onClick={[Function]}
    >
      <div
        className="item__key"
      >
        31
         - 
        Cheese
      </div>
      <div
        className="item__icon"
      >
        <svg
          aria-hidden="true"
          className="svg-inline--fa fa-mug-hot fa-w-16 fa-2x "
          color="orange"
          data-icon="mug-hot"
          data-prefix="fas"
          focusable="false"
          role="img"
          style={Object {}}
          viewBox="0 0 512 512"
          xmlns="http://www.w3.org/2000/svg"
        >
          <path
            d="M127.1 146.5c1.3 7.7 8 13.5 16 13.5h16.5c9.8 0 17.6-8.5 16.3-18-3.8-28.2-16.4-54.2-36.6-74.7-14.4-14.7-23.6-33.3-26.4-53.5C111.8 5.9 105 0 96.8 0H80.4C70.6 0 63 8.5 64.1 18c3.9 31.9 18 61.3 40.6 84.4 12 12.2 19.7 27.5 22.4 44.1zm112 0c1.3 7.7 8 13.5 16 13.5h16.5c9.8 0 17.6-8.5 16.3-18-3.8-28.2-16.4-54.2-36.6-74.7-14.4-14.7-23.6-33.3-26.4-53.5C223.8 5.9 217 0 208.8 0h-16.4c-9.8 0-17.5 8.5-16.3 18 3.9 31.9 18 61.3 40.6 84.4 12 12.2 19.7 27.5 22.4 44.1zM400 192H32c-17.7 0-32 14.3-32 32v192c0 53 43 96 96 96h192c53 0 96-43 96-96h16c61.8 0 112-50.2 112-112s-50.2-112-112-112zm0 160h-16v-96h16c26.5 0 48 21.5 48 48s-21.5 48-48 48z"
            fill="currentColor"
            style={Object {}}
          />
        </svg>
      </div>
      <div
        className="item__tags"
      >
        <div
          className="item__info"
        >
          <div
            className="item__label"
          >
            Price
          </div>
          <div
            className="item__value"
          >
            15
          </div>
        </div>
        <div
          className="item__info"
        >
          <div
            className="item__label"
          >
            Available
          </div>
          <div
            className="item__value"
          >
            7
          </div>
        </div>
      </div>
    </div>
    <div
      className="item"
      onClick={[Function]}
    >
      <div
        className="item__key"
      >
        32
         - 
        Cheese
      </div>
      <div
        className="item__icon"
      >
        <svg
          aria-hidden="true"
          className="svg-inline--fa fa-mug-hot fa-w-16 fa-2x "
          color="orange"
          data-icon="mug-hot"
          data-prefix="fas"
          focusable="false"
          role="img"
          style={Object {}}
          viewBox="0 0 512 512"
          xmlns="http://www.w3.org/2000/svg"
        >
          <path
            d="M127.1 146.5c1.3 7.7 8 13.5 16 13.5h16.5c9.8 0 17.6-8.5 16.3-18-3.8-28.2-16.4-54.2-36.6-74.7-14.4-14.7-23.6-33.3-26.4-53.5C111.8 5.9 105 0 96.8 0H80.4C70.6 0 63 8.5 64.1 18c3.9 31.9 18 61.3 40.6 84.4 12 12.2 19.7 27.5 22.4 44.1zm112 0c1.3 7.7 8 13.5 16 13.5h16.5c9.8 0 17.6-8.5 16.3-18-3.8-28.2-16.4-54.2-36.6-74.7-14.4-14.7-23.6-33.3-26.4-53.5C223.8 5.9 217 0 208.8 0h-16.4c-9.8 0-17.5 8.5-16.3 18 3.9 31.9 18 61.3 40.6 84.4 12 12.2 19.7 27.5 22.4 44.1zM400 192H32c-17.7 0-32 14.3-32 32v192c0 53 43 96 96 96h192c53 0 96-43 96-96h16c61.8 0 112-50.2 112-112s-50.2-112-112-112zm0 160h-16v-96h16c26.5 0 48 21.5 48 48s-21.5 48-48 48z"
            fill="currentColor"
            style={Object {}}
          />
        </svg>
      </div>
      <div
        className="item__tags"
      >
        <div
          className="item__info"
        >
          <div
            className="item__label"
          >
            Price
          </div>
          <div
            className="item__value"
          >
            15
          </div>
        </div>
        <div
          className="item__info"
        >
          <div
            className="item__label"
          >
            Available
          </div>
          <div
            className="item__value"
          >
            7
          </div>
        </div>
      </div>
    </div>
    <div
      className="item"
      onClick={[Function]}
    >
      <div
        className="item__key"
      >
        33
         - 
        Cheese
      </div>
      <div
        className="item__icon"
      >
        <svg
          aria-hidden="true"
          className="svg-inline--fa fa-mug-hot fa-w-16 fa-2x "
          color="orange"
          data-icon="mug-hot"
          data-prefix="fas"
          focusable="false"
          role="img"
          style={Object {}}
          viewBox="0 0 512 512"
          xmlns="http://www.w3.org/2000/svg"
        >
          <path
            d="M127.1 146.5c1.3 7.7 8 13.5 16 13.5h16.5c9.8 0 17.6-8.5 16.3-18-3.8-28.2-16.4-54.2-36.6-74.7-14.4-14.7-23.6-33.3-26.4-53.5C111.8 5.9 105 0 96.8 0H80.4C70.6 0 63 8.5 64.1 18c3.9 31.9 18 61.3 40.6 84.4 12 12.2 19.7 27.5 22.4 44.1zm112 0c1.3 7.7 8 13.5 16 13.5h16.5c9.8 0 17.6-8.5 16.3-18-3.8-28.2-16.4-54.2-36.6-74.7-14.4-14.7-23.6-33.3-26.4-53.5C223.8 5.9 217 0 208.8 0h-16.4c-9.8 0-17.5 8.5-16.3 18 3.9 31.9 18 61.3 40.6 84.4 12 12.2 19.7 27.5 22.4 44.1zM400 192H32c-17.7 0-32 14.3-32 32v192c0 53 43 96 96 96h192c53 0 96-43 96-96h16c61.8 0 112-50.2 112-112s-50.2-112-112-112zm0 160h-16v-96h16c26.5 0 48 21.5 48 48s-21.5 48-48 48z"
            fill="currentColor"
            style={Object {}}
          />
        </svg>
      </div>
      <div
        className="item__tags"
      >
        <div
          className="item__info"
        >
          <div
            className="item__label"
          >
            Price
          </div>
          <div
            className="item__value"
          >
            15
          </div>
        </div>
        <div
          className="item__info"
        >
          <div
            className="item__label"
          >
            Available
          </div>
          <div
            className="item__value"
          >
            7
          </div>
        </div>
      </div>
    </div>
    <div
      className="item"
      onClick={[Function]}
    >
      <div
        className="item__key"
      >
        34
         - 
        Cheese
      </div>
      <div
        className="item__icon"
      >
        <svg
          aria-hidden="true"
          className="svg-inline--fa fa-mug-hot fa-w-16 fa-2x "
          color="orange"
          data-icon="mug-hot"
          data-prefix="fas"
          focusable="false"
          role="img"
          style={Object {}}
          viewBox="0 0 512 512"
          xmlns="http://www.w3.org/2000/svg"
        >
          <path
            d="M127.1 146.5c1.3 7.7 8 13.5 16 13.5h16.5c9.8 0 17.6-8.5 16.3-18-3.8-28.2-16.4-54.2-36.6-74.7-14.4-14.7-23.6-33.3-26.4-53.5C111.8 5.9 105 0 96.8 0H80.4C70.6 0 63 8.5 64.1 18c3.9 31.9 18 61.3 40.6 84.4 12 12.2 19.7 27.5 22.4 44.1zm112 0c1.3 7.7 8 13.5 16 13.5h16.5c9.8 0 17.6-8.5 16.3-18-3.8-28.2-16.4-54.2-36.6-74.7-14.4-14.7-23.6-33.3-26.4-53.5C223.8 5.9 217 0 208.8 0h-16.4c-9.8 0-17.5 8.5-16.3 18 3.9 31.9 18 61.3 40.6 84.4 12 12.2 19.7 27.5 22.4 44.1zM400 192H32c-17.7 0-32 14.3-32 32v192c0 53 43 96 96 96h192c53 0 96-43 96-96h16c61.8 0 112-50.2 112-112s-50.2-112-112-112zm0 160h-16v-96h16c26.5 0 48 21.5 48 48s-21.5 48-48 48z"
            fill="currentColor"
            style={Object {}}
          />
        </svg>
      </div>
      <div
        className="item__tags"
      >
        <div
          className="item__info"
        >
          <div
            className="item__label"
          >
            Price
          </div>
          <div
            className="item__value"
          >
            15
          </div>
        </div>
        <div
          className="item__info"
        >
          <div
            className="item__label"
          >
            Available
          </div>
          <div
            className="item__value"
          >
            7
          </div>
        </div>
      </div>
    </div>
  </div>
</div>
`;
